<testsuites id="" name="" tests="1" failures="0" skipped="0" errors="0" time="32.584548">
<testsuite name="AddProduct.test.ts" timestamp="2026-03-27T16:53:12.740Z" hostname="chromium" tests="1" failures="0" skipped="0" time="29.901" errors="0">
<testcase name="Smokevana ERP Product Automation › Scenario: Add New Variable Product - Success Flow" classname="AddProduct.test.ts" time="29.901">
<system-out>
<![CDATA[LOG: Login...
Filling username: admin...
Filling password...
Clicking Sign in...
LOG: Navigating to Add Product page...
LOG: Filling Basic Info for TEST-THCPA-1774630401336...
LOG: Filling product name: TEST-THCPA-1774630401336
LOG: Filling SKU: SKU-1774630401336
LOG: Selecting brand: 4 KINGS Test
LOG: Selecting category: THCA
LOG: Setting Additional Info...
LOG: Configuring Variable Product details...
LOG: Selecting Variation Template: Flavor
LOG: Selecting Variation Values...
LOG: Filling Variation Pricing...
LOG: Saving product...
LOG: Verifying product creation...
LOG: Reached products page. Searching...
LOG: Success! Product TEST-THCPA-1774630401336 created with Master SKU: SKU-1774630401336
LOG: Variation 1 SKU generated: SKU-1774630401336-1
LOG: Variation 2 SKU generated: SKU-1774630401336-2
LOG: Saved generated SKUs to test-results/generated_skus.json

[[ATTACHMENT|test-results\AddProduct-Smokevana-ERP-P-2ff6f-able-Product---Success-Flow-chromium\test-finished-1.png]]

[[ATTACHMENT|test-results\AddProduct-Smokevana-ERP-P-2ff6f-able-Product---Success-Flow-chromium\video.webm]]

[[ATTACHMENT|test-results\AddProduct-Smokevana-ERP-P-2ff6f-able-Product---Success-Flow-chromium\trace.zip]]
]]>
</system-out>
</testcase>
</testsuite>
</testsuites>